sales_id,product_id,store_id,quantity,price,sale_date,region
1,101,1,10,15.00,2024-09-01,High
2,102,1,5,25.00,2024-09-01,High
3,103,2,7,20.00,2024-09-02,High
4,104,2,3,30.00,2024-09-03,Low
5,105,1,12,12.00,2024-09-05,Low
6,106,3,8,18.00,2024-09-06,Low
7,107,1,4,22.00,2024-09-07,Low
8,108,10,6,24.00,2024-09-08,Low
9,109,3,11,19.00,2024-09-09,Low
10,110,4,9,17.00,2024-09-10,Low
10,110,4,9,17.00,2024-09-10,Low
10,110,4,9,17.00,2024-09-10,Low